<?xml version="1.0" encoding="UTF-8"?>
<testsuites name="jest tests" tests="8" failures="0" errors="0" time="9.204">
  <testsuite name="FormSection" errors="0" failures="0" skipped="0" timestamp="2022-10-07T08:24:55" time="2.386" tests="1">
    <testcase classname="FormSection renders FormSection component" name="FormSection renders FormSection component" time="0.021">
    </testcase>
  </testsuite>
  <testsuite name="Form" errors="0" failures="0" skipped="0" timestamp="2022-10-07T08:24:55" time="2.39" tests="1">
    <testcase classname="Form renders Form component" name="Form renders Form component" time="0.022">
    </testcase>
  </testsuite>
  <testsuite name="FormField" errors="0" failures="0" skipped="0" timestamp="2022-10-07T08:24:55" time="2.396" tests="1">
    <testcase classname="FormField renders FormField component" name="FormField renders FormField component" time="0.022">
    </testcase>
  </testsuite>
  <testsuite name="undefined" errors="0" failures="0" skipped="0" timestamp="2022-10-07T08:24:55" time="7.647" tests="1">
    <testcase classname=" text-field-control loading" name=" text-field-control loading" time="0.048">
    </testcase>
  </testsuite>
  <testsuite name="undefined" errors="0" failures="0" skipped="0" timestamp="2022-10-07T08:24:55" time="7.96" tests="1">
    <testcase classname=" text-field-control view" name=" text-field-control view" time="0.065">
    </testcase>
  </testsuite>
  <testsuite name="undefined" errors="0" failures="0" skipped="0" timestamp="2022-10-07T08:24:55" time="7.994" tests="1">
    <testcase classname=" text-field-control view-format" name=" text-field-control view-format" time="0.072">
    </testcase>
  </testsuite>
  <testsuite name="undefined" errors="0" failures="0" skipped="0" timestamp="2022-10-07T08:24:55" time="8.017" tests="1">
    <testcase classname=" text-field-control edit" name=" text-field-control edit" time="0.122">
    </testcase>
  </testsuite>
  <testsuite name="undefined" errors="0" failures="0" skipped="0" timestamp="2022-10-07T08:24:55" time="8.057" tests="1">
    <testcase classname=" text-field-control edit-format" name=" text-field-control edit-format" time="0.173">
    </testcase>
  </testsuite>
</testsuites>